// Jest Snapshot v1, https://goo.gl/fbAQLP

exports[`<BrickBlock /> should render successfully 1`] = `
<div>
  <div
    class="brick brick-2-1"
  />
</div>
`;
