// Jest Snapshot v1, https://goo.gl/fbAQLP

exports[`<BrickController /> should render successfully 1`] = `
<div>
  <div
    class="bricks-container"
  />
</div>
`;
